for i in {1..100}; do echo"Line $i : System status OK" >> dummy.log; done

echo "Line 101 : System ERROR: Connection timeout" >> dummy.log
echo "Line 102 : System status OK" >> dummy.log
echo "Line 103: System CRITICALL Disk full" >> dummy.log
Line 1: System status OKcat dummy.log
Line 2: System status OKcat dummy.log
Line 3: System status OKcat dummy.log
Line 4: System status OKcat dummy.log
Line 5: System status OKcat dummy.log
Line 6: System status OKcat dummy.log
Line 7: System status OKcat dummy.log
Line 8: System status OKcat dummy.log
Line 9: System status OKcat dummy.log
Line 10: System status OKcat dummy.log
Line 11: System status OKcat dummy.log
Line 12: System status OKcat dummy.log
Line 13: System status OKcat dummy.log
Line 14: System status OKcat dummy.log
Line 15: System status OKcat dummy.log
Line 16: System status OKcat dummy.log
Line 17: System status OKcat dummy.log
Line 18: System status OKcat dummy.log
Line 19: System status OKcat dummy.log
Line 20: System status OKcat dummy.log
Line 21: System status OKcat dummy.log
Line 22: System status OKcat dummy.log
Line 23: System status OKcat dummy.log
Line 24: System status OKcat dummy.log
Line 25: System status OKcat dummy.log
Line 26: System status OKcat dummy.log
Line 27: System status OKcat dummy.log
Line 28: System status OKcat dummy.log
Line 29: System status OKcat dummy.log
Line 30: System status OKcat dummy.log
Line 31: System status OKcat dummy.log
Line 32: System status OKcat dummy.log
Line 33: System status OKcat dummy.log
Line 34: System status OKcat dummy.log
Line 35: System status OKcat dummy.log
Line 36: System status OKcat dummy.log
Line 37: System status OKcat dummy.log
Line 38: System status OKcat dummy.log
Line 39: System status OKcat dummy.log
Line 40: System status OKcat dummy.log
Line 41: System status OKcat dummy.log
Line 42: System status OKcat dummy.log
Line 43: System status OKcat dummy.log
Line 44: System status OKcat dummy.log
Line 45: System status OKcat dummy.log
Line 46: System status OKcat dummy.log
Line 47: System status OKcat dummy.log
Line 48: System status OKcat dummy.log
Line 49: System status OKcat dummy.log
Line 50: System status OKcat dummy.log
Line 51: System status OKcat dummy.log
Line 52: System status OKcat dummy.log
Line 53: System status OKcat dummy.log
Line 54: System status OKcat dummy.log
Line 55: System status OKcat dummy.log
Line 56: System status OKcat dummy.log
Line 57: System status OKcat dummy.log
Line 58: System status OKcat dummy.log
Line 59: System status OKcat dummy.log
Line 60: System status OKcat dummy.log
Line 61: System status OKcat dummy.log
Line 62: System status OKcat dummy.log
Line 63: System status OKcat dummy.log
Line 64: System status OKcat dummy.log
Line 65: System status OKcat dummy.log
Line 66: System status OKcat dummy.log
Line 67: System status OKcat dummy.log
Line 68: System status OKcat dummy.log
Line 69: System status OKcat dummy.log
Line 70: System status OKcat dummy.log
Line 71: System status OKcat dummy.log
Line 72: System status OKcat dummy.log
Line 73: System status OKcat dummy.log
Line 74: System status OKcat dummy.log
Line 75: System status OKcat dummy.log
Line 76: System status OKcat dummy.log
Line 77: System status OKcat dummy.log
Line 78: System status OKcat dummy.log
Line 79: System status OKcat dummy.log
Line 80: System status OKcat dummy.log
Line 81: System status OKcat dummy.log
Line 82: System status OKcat dummy.log
Line 83: System status OKcat dummy.log
Line 84: System status OKcat dummy.log
Line 85: System status OKcat dummy.log
Line 86: System status OKcat dummy.log
Line 87: System status OKcat dummy.log
Line 88: System status OKcat dummy.log
Line 89: System status OKcat dummy.log
Line 90: System status OKcat dummy.log
Line 91: System status OKcat dummy.log
Line 92: System status OKcat dummy.log
Line 93: System status OKcat dummy.log
Line 94: System status OKcat dummy.log
Line 95: System status OKcat dummy.log
Line 96: System status OKcat dummy.log
Line 97: System status OKcat dummy.log
Line 98: System status OKcat dummy.log
Line 99: System status OKcat dummy.log
Line 100: System status OKcat dummy.log
Line 101: System Error : connection timeout
Line 102: System Status: OK
Line 103: System Critical: disk full 
